Testing Showtime::with(['movie', 'room.theater'])
ERROR: SQLSTATE[42S22]: Column not found: 1054 Unknown column 'show_date' in 'order clause' (Connection: mysql, SQL: select * from `showtimes` order by `show_date` desc limit 5)
File: E:\SQL_EXAM\Cinema-Book\backend\vendor\laravel\framework\src\Illuminate\Database\Connection.php:826
